function _0x1f67e3(_0x2eee8b, _0xcb5bd1) {
    return _0x24db(_0xcb5bd1 - 0x1c6, _0x2eee8b);
}
function _0x3bad60(_0x20f92c, _0x43af8d) {
    return _0x24db(_0x43af8d - 918, _0x20f92c);
}
function _0x560cd3(_0x8da0e3, _0x535fc1) {
    return _0x24db(_0x8da0e3 - 25, _0x535fc1);
}
