// @@raw
var a = 1;
function hi() {
  const msg = "Hello World!世界你好！"
  console.log(msg);
}
var b = ["a", "b", "c"];
if(b.length === 3) {
  console.log(b.join(" "));
}
hi();

// @@expected
var a = 1;
function hi() {
    const _0x47309f = "Hello World!世界你好！";
    console["log"](_0x47309f);
}
var b = ['a', 'b', 'c'];
if (b["length"] === 3) {
    console["log"](b["join"](' '));
}
hi();
